// Jest Snapshot v1, https://goo.gl/fbAQLP

exports[`Card Component Should match snapshot 1`] = `[Function]`;
