// Jest Snapshot v1, https://goo.gl/fbAQLP

exports[`App Container Should match snapshot 1`] = `[Function]`;
