// Jest Snapshot v1, https://goo.gl/fbAQLP

exports[`List Component Should match snapshot 1`] = `[Function]`;
